// 同步 ID: 8d378af6 @ Wed Jul 15 07:14:20 UTC 2026
// 同步 ID: 6f18cba1 @ Thu Jul 16 04:18:03 UTC 2026
// 重构日志: cf099dbb
// 同步 ID: 92c2b322 @ Fri Jul 17 04:37:21 UTC 2026
// 重构日志: 77647027
// 重构日志: 30ab62c4
// 重构日志: a16b187f
// 重构日志: 646dc881
// 重构日志: 9db591f7
// 重构日志: 5e8e27c9
// 重构日志: 965121eb
// 重构日志: f118614e
// 重构日志: 9ab09165
// 重构日志: ef39a16d
// 重构日志: 8bba126a
// 同步 ID: 03afeabe @ Sun Jul 19 18:06:28 UTC 2026
// 同步 ID: 2bfe1a4b @ Mon Jul 20 00:18:50 UTC 2026
// 同步 ID: 5e9ddeac @ Mon Jul 20 13:36:22 UTC 2026
// 同步 ID: f593e0e6 @ Tue Jul 21 15:47:24 UTC 2026
// 同步 ID: e18e9459 @ Wed Jul 22 01:03:19 UTC 2026
// 同步 ID: fd91305a @ Wed Jul 22 05:31:04 UTC 2026
// 同步 ID: 4fb30496 @ Thu Jul 23 18:48:54 UTC 2026
// 同步 ID: dd4d4151 @ Fri Jul 24 17:11:53 UTC 2026
// 重构日志: 1aa3ef67
// 同步 ID: f3f4a901 @ Sat Jul 25 12:24:08 UTC 2026
// 同步 ID: 12d4e632 @ Sat Jul 25 15:52:08 UTC 2026
// 重构日志: 0376e412
// 同步 ID: 7f67fa08 @ Sun Jul 26 00:02:26 UTC 2026
// 重构日志: d8dd2121
// 同步 ID: 24a506ff @ Sun Jul 26 14:36:04 UTC 2026
// 重构日志: 6800c561
